// Jest Snapshot v1, https://goo.gl/fbAQLP

exports[`route reducer updateHistory should handle @APR/updateLocation 1`] = `
Object {
  "activeRoute": "/",
  "currentLocation": Object {
    "action": "POP",
    "hash": "hash",
    "key": "key",
    "pathname": "pathname",
    "search": "search",
    "state": "state",
  },
  "history": Array [
    Object {
      "action": "PUSH",
      "hash": "",
      "pathname": "/",
      "search": "",
    },
  ],
  "userRoutes": Array [],
}
`;

exports[`route reducer updateHistory should handle multiple @APR/updateLocation 1`] = `
Object {
  "activeRoute": "/",
  "currentLocation": Object {
    "action": "POP",
    "hash": "hash",
    "key": "key",
    "pathname": "pathname",
    "search": "search",
    "state": "state",
  },
  "history": Array [
    Object {
      "action": "PUSH",
      "hash": "",
      "pathname": "/",
      "search": "",
    },
    Object {
      "action": "POP",
      "hash": "hash",
      "key": "key",
      "pathname": "pathname",
      "search": "search",
      "state": "state",
    },
    Object {
      "action": "POP",
      "hash": "hash",
      "key": "key",
      "pathname": "pathname",
      "search": "search",
      "state": "state",
    },
    Object {
      "action": "POP",
      "hash": "hash",
      "key": "key",
      "pathname": "pathname",
      "search": "search",
      "state": "state",
    },
  ],
  "userRoutes": Array [],
}
`;
