// Jest Snapshot v1, https://goo.gl/fbAQLP

exports[`setup should create the initial files: <project-root>playground/apr.config.js 1`] = `
"module.exports = {
  /* Webpack dev server options */
  // port: 8080,                         // Webpack dev server port
  // host: \\"localhost\\",                  // Webpack dev server host
}
"
`;

exports[`setup should create the initial files: <project-root>playground/package.json 1`] = `
"{
  \\"name\\": \\"playground\\",
  \\"version\\": \\"1.0.0\\",
  \\"description\\": \\"My action-packed-react app\\",
  \\"main\\": \\"webpack.config.js\\",
  \\"scripts\\": {
    \\"prebuild\\": \\"rm -rf dist\\",
    \\"build\\": \\"apr build\\",
    \\"start\\": \\"apr dev\\",
    \\"lint\\": \\"tslint --project tsconfig.json\\",
    \\"test\\": \\"jest --passWithNoTests\\"
  },
  \\"author\\": \\"\\",
  \\"license\\": \\"MIT\\",
  \\"dependencies\\": {
    \\"action-packed-react\\": \\"<project-root>action-packed-react\\",
    \\"apr-cli\\": \\"<project-root>apr-cli\\",
    \\"history\\": \\"^4.10.1\\",
    \\"react\\": \\"^16.12.0\\",
    \\"react-dom\\": \\"^16.12.0\\",
    \\"styled-components\\": \\"^4.4.1\\"
  },
  \\"devDependencies\\": {
    \\"@storybook/addon-info\\": \\"^5.2.8\\",
    \\"@storybook/addon-storyshots\\": \\"^5.2.8\\",
    \\"@storybook/react\\": \\"^5.2.8\\",
    \\"@types/history\\": \\"^4.7.3\\",
    \\"@types/react\\": \\"^16.9.15\\",
    \\"@types/react-dom\\": \\"^16.9.4\\",
    \\"@types/styled-components\\": \\"^4.4.0\\",
    \\"babel-jest\\": \\"^24.9.0\\",
    \\"jest\\": \\"^24.9.0\\"
  }
}
"
`;

exports[`setup should create the initial files: <project-root>playground/tsconfig.json 1`] = `
"{
  \\"compilerOptions\\": {
    \\"target\\": \\"es5\\",
    \\"lib\\": [\\"es2015\\", \\"es2016\\", \\"es2017\\", \\"dom\\"],
    \\"strict\\": true,
    \\"allowSyntheticDefaultImports\\": true,
    \\"experimentalDecorators\\": true,
    \\"emitDecoratorMetadata\\": true,
    \\"jsx\\": \\"react\\",
    \\"typeRoots\\": [\\"node_modules/@types\\", \\"src/types\\"],
    \\"rootDirs\\": [\\"src\\"],
    \\"baseUrl\\": \\"src\\",
    \\"paths\\": {
      \\"app\\": [\\"index\\"],
      \\"app/*\\": [\\"*\\"]
    }
  },
  \\"exclude\\": [\\"**/*.test.ts*\\", \\"\\"]
}
"
`;

exports[`setup should create the initial files: file-list 1`] = `
Array [
  "<project-root>playground/src/components/RootLayout/index.tsx",
  "<project-root>playground/src/index.tsx",
  "<project-root>playground/src/redux/ducks/index.ts",
  "<project-root>playground/src/redux/sagas/index.ts",
  "<project-root>playground/src/redux/selectors/index.ts",
  "<project-root>playground/src/route.story.tsx",
  "<project-root>playground/src/route.tsx",
  "<project-root>playground/src/routes/readme.md",
  "<project-root>playground/src/ui/readme.md",
]
`;

exports[`setup should create the initial files: files-changed 1`] = `
Array [
  "<project-root>playground/apr.config.js",
  "<project-root>playground/package.json",
  "<project-root>playground/tsconfig.json",
]
`;
