// Jest Snapshot v1, https://goo.gl/fbAQLP

exports[`generating route should generate a new route: apr g route --name testRoute --route src --autoLink 1`] = `
",
Loaded templates: <project-root>apr-cli/_templates/
[32m       added: src/routes/testRoute/components/.gitkeep[39m
[32m       added: src/routes/testRoute/index.ts[39m
[32m       added: src/routes/testRoute/layout.tsx[39m
[32m       added: src/routes/testRoute/redux/ducks/index.ts[39m
[32m       added: src/routes/testRoute/redux/sagas/index.ts[39m
[32m       added: src/routes/testRoute/redux/selectors/index.ts[39m
[32m       added: src/routes/testRoute/redux/selectors/testRoute.ts[39m
[32m       added: src/routes/testRoute/route.ts[39m
[32m       added: src/routes/testRoute/route.story.tsx[39m
[32m       added: src/routes/testRoute/routes/.gitkeep[39m
,"
`;

exports[`generating route should generate a new route: file-list 1`] = `
Array [
  "<project-root>playground/src/components/testComponent/index.ts",
  "<project-root>playground/src/components/testComponent/testComponent.story.tsx",
  "<project-root>playground/src/components/testComponent/testComponent.tsx",
]
`;
