// Jest Snapshot v1, https://goo.gl/fbAQLP

exports[`generating component should generate a new component: apr g component --name testComponent --route src --autoLink 1`] = `
",
Loaded templates: <project-root>apr-cli/_templates/
[32m       added: src/components/testComponent/index.ts[39m
[32m       added: src/components/testComponent/testComponent.tsx[39m
[32m       added: src/components/testComponent/testComponent.story.tsx[39m
,"
`;

exports[`generating component should generate a new component: file-list 1`] = `
Array [
  "<project-root>playground/src/components/testComponent/index.ts",
  "<project-root>playground/src/components/testComponent/testComponent.story.tsx",
  "<project-root>playground/src/components/testComponent/testComponent.tsx",
]
`;
